// Jest Snapshot v1, https://goo.gl/fbAQLP

exports[`test SearchInput Snapshot for SearchInput 1`] = `
.c0 {
  border: 1px solid #5f6368;
  border-radius: 24px;
  display: -webkit-box;
  display: -webkit-flex;
  display: -ms-flexbox;
  display: flex;
  -webkit-box-pack: center;
  -webkit-justify-content: center;
  -ms-flex-pack: center;
  justify-content: center;
  place-items: center;
  width: 60%;
  height: 40px;
  margin: 0 20%;
}

.c2 {
  margin: 0 auto;
  border: none;
  border-radius: 24px;
  height: 38px;
  width: 95%;
  font-size: 18px;
}

.c2:focus {
  outline-width: 0;
}

.c1 {
  height: 30px;
  width: 30px;
  margin-left: 10px;
}

<div
  className="c0"
>
  <svg
    className="c1"
  >
    <circle
      cx="12"
      cy="12"
      fill="white"
      r="8"
      stroke="black"
      strokeWidth="3"
    />
    <line
      stroke="black"
      strokeWidth="3px"
      x1="18"
      x2="26"
      y1="18"
      y2="26"
    />
  </svg>
  <input
    className="c2"
    id="input"
    onChange={[MockFunction]}
    placeholder="The name, or part of the name."
    type="text"
    value=""
  />
</div>
`;
